// Jest Snapshot v1, https://goo.gl/fbAQLP

exports[`ArrowDoubleIcon 1`] = `
<div>
  <svg
    class="sc-beySPh jroDkm"
    fill="currentcolor"
    viewBox="0 0 19.5 16.5"
    xmlns="http://www.w3.org/2000/svg"
  >
    <g
      id="arrow_double"
    >
      <path
        d="M2.371,0,0,2.2l6.466,6L0,14.2l2.371,2.3,8.944-8.3Z"
        id="arrow_2"
      />
      <path
        d="M2.371,0,0,2.2l6.466,6L0,14.2l2.371,2.3,8.944-8.3Z"
        id="arrow_1"
        transform="translate(8 0)"
      />
    </g>
  </svg>
</div>
`;
