// Jest Snapshot v1, https://goo.gl/fbAQLP

exports[`IconButton renders correctly 1`] = `
<div>
  <button
    aria-label="IconButton-element"
    class="sc-beySPh eKvydP medium icon medium"
    stile="mute"
    style="padding: 0px;"
    type="button"
  >
    <svg
      class="sc-hLQSwg iHelPB"
      stroke="currentcolor"
      viewBox="-1 -1 26 26"
      xmlns="http://www.w3.org/2000/svg"
    >
      <line
        stroke-linecap="round"
        stroke-width="3"
        x1="1.5"
        x2="22.5"
        y1="22.5"
        y2="1.5"
      />
    </svg>
    <span
      class="touch"
      data-testid="touch-ripple"
    />
  </button>
</div>
`;
