// Jest Snapshot v1, https://goo.gl/fbAQLP

exports[`Input renders correctly 1`] = `
<div>
  <div
    class="sc-beySPh ErGXa"
  >
    <label
      class="sc-dmyCSP jGsYty"
      data-name="label"
    >
      <h3
        class="sc-eDLKkx ebsndr"
        data-name="heading"
      />
      <input
        class="sc-guDLey QRLu"
        data-name="input"
      />
    </label>
  </div>
</div>
`;
